Reusing configuration cache.
> Task :composeApp:checkKotlinGradlePluginConfigurationErrors SKIPPED
> Task :composeApp:copyNonXmlValueResourcesForCommonMain NO-SOURCE
> Task :composeApp:generateExpectResourceCollectorsForCommonMain UP-TO-DATE
> Task :composeApp:convertXmlValueResourcesForJvmMain NO-SOURCE
> Task :composeApp:convertXmlValueResourcesForCommonMain NO-SOURCE
> Task :composeApp:generateComposeResClass UP-TO-DATE
> Task :composeApp:copyNonXmlValueResourcesForJvmMain UP-TO-DATE
> Task :composeApp:prepareComposeResourcesTaskForCommonMain NO-SOURCE
> Task :composeApp:generateResourceAccessorsForCommonMain NO-SOURCE
> Task :composeApp:prepareComposeResourcesTaskForJvmMain UP-TO-DATE
> Task :composeApp:generateResourceAccessorsForJvmMain UP-TO-DATE
> Task :composeApp:generateActualResourceCollectorsForJvmMain UP-TO-DATE

> Task :composeApp:compileKotlinJvm FAILED
.\gradlew.bat : e: file:///D:/IntelliJ%20IDEA/demo/composeApp/src/jvmMain/kotlin/com/clusterview/demo/NavigationController.kt:75:21 No value passed for parameter 'clusters'.
At line:1 char:30
+ ... DEA\demo" ; .\gradlew.bat compileKotlinJvm 2>&1 > build_output.txt; G ...
+                 ~~~~~~~~~~~~~~~~~~~~~~~~~~~~~~~~~~~~~~~~~~~~~~~~~~~~~~
    + CategoryInfo          : NotSpecified: (e: file:///D:/I...ter 'clusters'.:String) [], RemoteException
    + FullyQualifiedErrorId : NativeCommandError
 

FAILURE: Build failed with an exception.

* What went wrong:
Execution failed for task ':composeApp:compileKotlinJvm'.
> A failure occurred while executing org.jetbrains.kotlin.compilerRunner.GradleCompilerRunnerWithWorkers$GradleKotlinCompilerWorkAction
   > Compilation error. See log for more details

* Try:
> Run with --stacktrace option to get the stack trace.
> Run with --info or --debug option to get more log output.
> Run with --scan to get full insights.
> Get more help at https://help.gradle.org.

BUILD FAILED in 4s
7 actionable tasks: 1 executed, 6 up-to-date
Configuration cache entry reused.
